// Vitest Snapshot v1, https://vitest.dev/guide/snapshot.html

exports[`keeps the registered route table stable 1`] = `
[
  "DELETE /v1/uploads/:id",
  "GET /download/:grant",
  "GET /health/live",
  "GET /health/ready",
  "GET /openapi.json",
  "GET /v1/admin/audit",
  "GET /v1/admin/diagnostics",
  "GET /v1/admin/employees",
  "GET /v1/admin/roles",
  "GET /v1/admin/settings",
  "GET /v1/admin/templates",
  "GET /v1/attachments/:id/download",
  "GET /v1/dictionaries",
  "GET /v1/employees",
  "GET /v1/events",
  "GET /v1/me",
  "GET /v1/notifications",
  "GET /v1/tickets",
  "GET /v1/tickets/:id",
  "GET /v1/tickets/:id/messages",
  "GET /v1/tickets/counts",
  "HEAD /download/:grant",
  "HEAD /health/live",
  "HEAD /health/ready",
  "HEAD /openapi.json",
  "HEAD /v1/admin/audit",
  "HEAD /v1/admin/diagnostics",
  "HEAD /v1/admin/employees",
  "HEAD /v1/admin/roles",
  "HEAD /v1/admin/settings",
  "HEAD /v1/admin/templates",
  "HEAD /v1/attachments/:id/download",
  "HEAD /v1/dictionaries",
  "HEAD /v1/employees",
  "HEAD /v1/events",
  "HEAD /v1/me",
  "HEAD /v1/notifications",
  "HEAD /v1/tickets",
  "HEAD /v1/tickets/:id",
  "HEAD /v1/tickets/:id/messages",
  "HEAD /v1/tickets/counts",
  "PATCH /v1/admin/employees/:id",
  "PATCH /v1/tickets/:id/classification",
  "POST /v1/admin/employees",
  "POST /v1/admin/jobs/:id/retry",
  "POST /v1/attachments/:id/download-grant",
  "POST /v1/auth/dev",
  "POST /v1/auth/logout",
  "POST /v1/auth/max",
  "POST /v1/auth/refresh",
  "POST /v1/dev/inbound",
  "POST /v1/messages/:id/cancel",
  "POST /v1/messages/:id/retry",
  "POST /v1/notifications/:id/read",
  "POST /v1/tickets/:id/assign",
  "POST /v1/tickets/:id/close",
  "POST /v1/tickets/:id/messages",
  "POST /v1/tickets/:id/reopen",
  "POST /v1/tickets/:id/transfer",
  "POST /v1/uploads",
  "POST /v1/uploads/:id/complete",
  "POST /webhooks/max",
  "PUT /v1/admin/dictionaries",
  "PUT /v1/admin/settings",
  "PUT /v1/admin/templates/:code",
  "PUT /v1/uploads/:id/content",
]
`;
